
> bakery-erp@0.1.0 build
> next build

笆ｲ Next.js 16.2.1 (Turbopack)
- Environments: .env.local

  Creating an optimized production build ...
node.exe : 
発生場所 行:1 文字:1
+ & "C:\Program Files\node
js/node.exe" "C:\Program F
iles\nodejs/node_mo ...
+ ~~~~~~~~~~~~~~~~~~~~~~~~
~~~~~~~~~~~~~~~~~~~~~~~~~~
~~~~~~~~~~~~~~~~~~~
    + CategoryInfo        
      : NotSpecified: (:  
  String) [], RemoteExc   
 eption
    + FullyQualifiedError 
   Id : NativeCommandErr  
  or
 
> Build error occurred
Error: Turbopack build fai
led with 1 errors:
./next.config.ts
Failed to resolve package 
babel-plugin-react-compile
r while attempting to reso
lve React Compiler
React compiler is enabled 
in next.config.ts. We atte
mpted to resolve React Com
piler relative to the next
 package. Is babel-plugin-
react-compiler installed i
n your node_modules direct
ory?


    at ignore-listed frame
s
