node_modules/lucide-react/dist/lucide-react.d.ts(2,10): error TS2305: Module '"react"' has no exported member 'ReactSVG'.
src/app/shipments/page.tsx(4,26): error TS2307: Cannot find module '@/lib/supabase' or its corresponding type declarations.
src/app/shipments/page.tsx(5,58): error TS2307: Cannot find module '@/components/ui/card' or its corresponding type declarations.
src/app/shipments/page.tsx(6,24): error TS2307: Cannot find module '@/components/ui/button' or its corresponding type declarations.
src/app/shipments/page.tsx(7,23): error TS2307: Cannot find module '@/components/ui/input' or its corresponding type declarations.
src/app/shipments/page.tsx(8,23): error TS2307: Cannot find module '@/components/ui/badge' or its corresponding type declarations.
src/app/shipments/page.tsx(9,79): error TS2307: Cannot find module '@/components/ui/table' or its corresponding type declarations.
src/app/shipments/page.tsx(11,25): error TS2307: Cannot find module '@/contexts/AuthContext' or its corresponding type declarations.
src/app/shipments/page.tsx(167,7): error TS17004: Cannot use JSX unless the '--jsx' flag is provided.
src/app/shipments/page.tsx(168,9): error TS17004: Cannot use JSX unless the '--jsx' flag is provided.
src/app/shipments/page.tsx(169,9): error TS17004: Cannot use JSX unless the '--jsx' flag is provided.
src/app/shipments/page.tsx(170,11): error TS17004: Cannot use JSX unless the '--jsx' flag is provided.
src/app/shipments/page.tsx(170,136): error TS17004: Cannot use JSX unless the '--jsx' flag is provided.
src/app/shipments/page.tsx(171,11): error TS17004: Cannot use JSX unless the '--jsx' flag is provided.
src/app/shipments/page.tsx(171,123): error TS17004: Cannot use JSX unless the '--jsx' flag is provided.
src/app/shipments/page.tsx(175,11): error TS17004: Cannot use JSX unless the '--jsx' flag is provided.
src/app/shipments/page.tsx(178,13): error TS17004: Cannot use JSX unless the '--jsx' flag is provided.
src/app/shipments/page.tsx(183,19): error TS17004: Cannot use JSX unless the '--jsx' flag is provided.
src/app/shipments/page.tsx(184,21): error TS17004: Cannot use JSX unless the '--jsx' flag is provided.
src/app/shipments/page.tsx(185,23): error TS17004: Cannot use JSX unless the '--jsx' flag is provided.
src/app/shipments/page.tsx(186,23): error TS17004: Cannot use JSX unless the '--jsx' flag is provided.
src/app/shipments/page.tsx(187,25): error TS17004: Cannot use JSX unless the '--jsx' flag is provided.
src/app/shipments/page.tsx(187,32): error TS17004: Cannot use JSX unless the '--jsx' flag is provided.
src/app/shipments/page.tsx(187,36): error TS17004: Cannot use JSX unless the '--jsx' flag is provided.
src/app/shipments/page.tsx(187,112): error TS17004: Cannot use JSX unless the '--jsx' flag is provided.
src/app/shipments/page.tsx(187,180): error TS17004: Cannot use JSX unless the '--jsx' flag is provided.
src/app/shipments/page.tsx(187,246): error TS17004: Cannot use JSX unless the '--jsx' flag is provided.
src/app/shipments/page.tsx(187,250): error TS17004: Cannot use JSX unless the '--jsx' flag is provided.
src/app/shipments/page.tsx(187,327): error TS17004: Cannot use JSX unless the '--jsx' flag is provided.
src/app/shipments/page.tsx(187,395): error TS17004: Cannot use JSX unless the '--jsx' flag is provided.
src/app/shipments/page.tsx(190,21): error TS17004: Cannot use JSX unless the '--jsx' flag is provided.
src/app/shipments/page.tsx(191,23): error TS17004: Cannot use JSX unless the '--jsx' flag is provided.
src/app/shipments/page.tsx(191,30): error TS17004: Cannot use JSX unless the '--jsx' flag is provided.
src/app/shipments/page.tsx(191,34): error TS17004: Cannot use JSX unless the '--jsx' flag is provided.
src/app/shipments/page.tsx(191,103): error TS17004: Cannot use JSX unless the '--jsx' flag is provided.
src/app/shipments/page.tsx(191,173): error TS17004: Cannot use JSX unless the '--jsx' flag is provided.
src/app/shipments/page.tsx(191,242): error TS17004: Cannot use JSX unless the '--jsx' flag is provided.
src/app/shipments/page.tsx(191,311): error TS17004: Cannot use JSX unless the '--jsx' flag is provided.
src/app/shipments/page.tsx(192,23): error TS17004: Cannot use JSX unless the '--jsx' flag is provided.
src/app/shipments/page.tsx(192,30): error TS17004: Cannot use JSX unless the '--jsx' flag is provided.
src/app/shipments/page.tsx(193,25): error TS17004: Cannot use JSX unless the '--jsx' flag is provided.
src/app/shipments/page.tsx(194,25): error TS17004: Cannot use JSX unless the '--jsx' flag is provided.
src/app/shipments/page.tsx(195,25): error TS17004: Cannot use JSX unless the '--jsx' flag is provided.
src/app/shipments/page.tsx(196,25): error TS17004: Cannot use JSX unless the '--jsx' flag is provided.
src/app/shipments/page.tsx(196,70): error TS17004: Cannot use JSX unless the '--jsx' flag is provided.
src/app/shipments/page.tsx(199,21): error TS17004: Cannot use JSX unless the '--jsx' flag is provided.
src/app/shipments/page.tsx(200,23): error TS17004: Cannot use JSX unless the '--jsx' flag is provided.
src/app/shipments/page.tsx(200,30): error TS17004: Cannot use JSX unless the '--jsx' flag is provided.
src/app/shipments/page.tsx(200,34): error TS17004: Cannot use JSX unless the '--jsx' flag is provided.
src/app/shipments/page.tsx(200,101): error TS17004: Cannot use JSX unless the '--jsx' flag is provided.
src/app/shipments/page.tsx(200,171): error TS17004: Cannot use JSX unless the '--jsx' flag is provided.
src/app/shipments/page.tsx(200,239): error TS17004: Cannot use JSX unless the '--jsx' flag is provided.
src/app/shipments/page.tsx(200,311): error TS17004: Cannot use JSX unless the '--jsx' flag is provided.
src/app/shipments/page.tsx(200,378): error TS17004: Cannot use JSX unless the '--jsx' flag is provided.
src/app/shipments/page.tsx(200,450): error TS17004: Cannot use JSX unless the '--jsx' flag is provided.
src/app/shipments/page.tsx(200,517): error TS17004: Cannot use JSX unless the '--jsx' flag is provided.
src/app/shipments/page.tsx(201,23): error TS17004: Cannot use JSX unless the '--jsx' flag is provided.
src/app/shipments/page.tsx(202,25): error TS17004: Cannot use JSX unless the '--jsx' flag is provided.
src/app/shipments/page.tsx(203,27): error TS17004: Cannot use JSX unless the '--jsx' flag is provided.
src/app/shipments/page.tsx(204,27): error TS17004: Cannot use JSX unless the '--jsx' flag is provided.
src/app/shipments/page.tsx(205,27): error TS17004: Cannot use JSX unless the '--jsx' flag is provided.
src/app/shipments/page.tsx(205,108): error TS17004: Cannot use JSX unless the '--jsx' flag is provided.
src/app/shipments/page.tsx(206,27): error TS17004: Cannot use JSX unless the '--jsx' flag is provided.
src/app/shipments/page.tsx(207,27): error TS17004: Cannot use JSX unless the '--jsx' flag is provided.
src/app/shipments/page.tsx(207,116): error TS17004: Cannot use JSX unless the '--jsx' flag is provided.
src/app/shipments/page.tsx(207,198): error TS17004: Cannot use JSX unless the '--jsx' flag is provided.
src/app/shipments/page.tsx(208,27): error TS17004: Cannot use JSX unless the '--jsx' flag is provided.
src/app/shipments/page.tsx(209,27): error TS17004: Cannot use JSX unless the '--jsx' flag is provided.
src/app/shipments/page.tsx(209,122): error TS17004: Cannot use JSX unless the '--jsx' flag is provided.
src/app/shipments/page.tsx(209,141): error TS17004: Cannot use JSX unless the '--jsx' flag is provided.
src/app/shipments/page.tsx(209,226): error TS17004: Cannot use JSX unless the '--jsx' flag is provided.
src/app/shipments/page.tsx(209,309): error TS17004: Cannot use JSX unless the '--jsx' flag is provided.
src/app/shipments/page.tsx(209,311): error TS17004: Cannot use JSX unless the '--jsx' flag is provided.
src/app/shipments/page.tsx(210,27): error TS17004: Cannot use JSX unless the '--jsx' flag is provided.
src/app/shipments/page.tsx(210,97): error TS17004: Cannot use JSX unless the '--jsx' flag is provided.
src/app/shipments/page.tsx(215,29): error TS17004: Cannot use JSX unless the '--jsx' flag is provided.
src/app/shipments/page.tsx(216,31): error TS17004: Cannot use JSX unless the '--jsx' flag is provided.
src/app/shipments/page.tsx(216,72): error TS17004: Cannot use JSX unless the '--jsx' flag is provided.
src/app/shipments/page.tsx(216,113): error TS17004: Cannot use JSX unless the '--jsx' flag is provided.
src/app/shipments/page.tsx(217,31): error TS17004: Cannot use JSX unless the '--jsx' flag is provided.
src/app/shipments/page.tsx(218,31): error TS17004: Cannot use JSX unless the '--jsx' flag is provided.
src/app/shipments/page.tsx(218,117): error TS17004: Cannot use JSX unless the '--jsx' flag is provided.
src/app/shipments/page.tsx(218,135): error TS17004: Cannot use JSX unless the '--jsx' flag is provided.
src/app/shipments/page.tsx(218,219): error TS17004: Cannot use JSX unless the '--jsx' flag is provided.
src/app/shipments/page.tsx(218,301): error TS17004: Cannot use JSX unless the '--jsx' flag is provided.
src/app/shipments/page.tsx(218,303): error TS17004: Cannot use JSX unless the '--jsx' flag is provided.
src/app/shipments/page.tsx(219,31): error TS17004: Cannot use JSX unless the '--jsx' flag is provided.
src/app/shipments/page.tsx(220,31): error TS17004: Cannot use JSX unless the '--jsx' flag is provided.
src/app/shipments/page.tsx(220,118): error TS17004: Cannot use JSX unless the '--jsx' flag is provided.
src/app/shipments/page.tsx(220,137): error TS17004: Cannot use JSX unless the '--jsx' flag is provided.
src/app/shipments/page.tsx(220,222): error TS17004: Cannot use JSX unless the '--jsx' flag is provided.
src/app/shipments/page.tsx(220,305): error TS17004: Cannot use JSX unless the '--jsx' flag is provided.
src/app/shipments/page.tsx(220,307): error TS17004: Cannot use JSX unless the '--jsx' flag is provided.
src/app/shipments/page.tsx(221,31): error TS17004: Cannot use JSX unless the '--jsx' flag is provided.
src/app/shipments/page.tsx(225,25): error TS17004: Cannot use JSX unless the '--jsx' flag is provided.
src/app/shipments/page.tsx(225,29): error TS17004: Cannot use JSX unless the '--jsx' flag is provided.
src/app/shipments/page.tsx(231,74): error TS17004: Cannot use JSX unless the '--jsx' flag is provided.
src/app/shipments/page.tsx(231,207): error TS17004: Cannot use JSX unless the '--jsx' flag is provided.
src/app/shipments/page.tsx(243,5): error TS17004: Cannot use JSX unless the '--jsx' flag is provided.
src/app/shipments/page.tsx(244,7): error TS17004: Cannot use JSX unless the '--jsx' flag is provided.
src/app/shipments/page.tsx(245,9): error TS17004: Cannot use JSX unless the '--jsx' flag is provided.
src/app/shipments/page.tsx(246,11): error TS17004: Cannot use JSX unless the '--jsx' flag is provided.
src/app/shipments/page.tsx(246,85): error TS17004: Cannot use JSX unless the '--jsx' flag is provided.
src/app/shipments/page.tsx(247,24): error TS17004: Cannot use JSX unless the '--jsx' flag is provided.
src/app/shipments/page.tsx(247,141): error TS17004: Cannot use JSX unless the '--jsx' flag is provided.
src/app/shipments/page.tsx(249,9): error TS17004: Cannot use JSX unless the '--jsx' flag is provided.
src/app/shipments/page.tsx(249,142): error TS17004: Cannot use JSX unless the '--jsx' flag is provided.
src/app/shipments/page.tsx(252,7): error TS17004: Cannot use JSX unless the '--jsx' flag is provided.
src/app/shipments/page.tsx(254,9): error TS17004: Cannot use JSX unless the '--jsx' flag is provided.
src/app/shipments/page.tsx(255,11): error TS17004: Cannot use JSX unless the '--jsx' flag is provided.
src/app/shipments/page.tsx(255,81): error TS17004: Cannot use JSX unless the '--jsx' flag is provided.
src/app/shipments/page.tsx(256,11): error TS17004: Cannot use JSX unless the '--jsx' flag is provided.
src/app/shipments/page.tsx(258,15): error TS17004: Cannot use JSX unless the '--jsx' flag is provided.
src/app/shipments/page.tsx(259,17): error TS17004: Cannot use JSX unless the '--jsx' flag is provided.
src/app/shipments/page.tsx(260,19): error TS17004: Cannot use JSX unless the '--jsx' flag is provided.
src/app/shipments/page.tsx(261,21): error TS17004: Cannot use JSX unless the '--jsx' flag is provided.
src/app/shipments/page.tsx(262,49): error TS17004: Cannot use JSX unless the '--jsx' flag is provided.
src/app/shipments/page.tsx(262,138): error TS17004: Cannot use JSX unless the '--jsx' flag is provided.
src/app/shipments/page.tsx(263,23): error TS17004: Cannot use JSX unless the '--jsx' flag is provided.
src/app/shipments/page.tsx(265,21): error TS17004: Cannot use JSX unless the '--jsx' flag is provided.
src/app/shipments/page.tsx(268,17): error TS17004: Cannot use JSX unless the '--jsx' flag is provided.
src/app/shipments/page.tsx(271,21): error TS17004: Cannot use JSX unless the '--jsx' flag is provided.
src/app/shipments/page.tsx(272,23): error TS17004: Cannot use JSX unless the '--jsx' flag is provided.
src/app/shipments/page.tsx(272,87): error TS17004: Cannot use JSX unless the '--jsx' flag is provided.
src/app/shipments/page.tsx(273,23): error TS17004: Cannot use JSX unless the '--jsx' flag is provided.
src/app/shipments/page.tsx(273,81): error TS17004: Cannot use JSX unless the '--jsx' flag is provided.
src/app/shipments/page.tsx(279,53): error TS17004: Cannot use JSX unless the '--jsx' flag is provided.
src/app/shipments/page.tsx(279,88): error TS17004: Cannot use JSX unless the '--jsx' flag is provided.
src/app/shipments/page.tsx(280,54): error TS17004: Cannot use JSX unless the '--jsx' flag is provided.
src/app/shipments/page.tsx(285,9): error TS17004: Cannot use JSX unless the '--jsx' flag is provided.
src/app/shipments/page.tsx(286,11): error TS17004: Cannot use JSX unless the '--jsx' flag is provided.
src/app/shipments/page.tsx(286,81): error TS17004: Cannot use JSX unless the '--jsx' flag is provided.
src/app/shipments/page.tsx(287,11): error TS17004: Cannot use JSX unless the '--jsx' flag is provided.
src/app/shipments/page.tsx(289,15): error TS17004: Cannot use JSX unless the '--jsx' flag is provided.
src/app/shipments/page.tsx(292,17): error TS17004: Cannot use JSX unless the '--jsx' flag is provided.
src/app/shipments/page.tsx(293,19): error TS17004: Cannot use JSX unless the '--jsx' flag is provided.
src/app/shipments/page.tsx(294,21): error TS17004: Cannot use JSX unless the '--jsx' flag is provided.
src/app/shipments/page.tsx(295,57): error TS17004: Cannot use JSX unless the '--jsx' flag is provided.
src/app/shipments/page.tsx(296,23): error TS17004: Cannot use JSX unless the '--jsx' flag is provided.
src/app/shipments/page.tsx(298,21): error TS17004: Cannot use JSX unless the '--jsx' flag is provided.
src/app/shipments/page.tsx(299,23): error TS17004: Cannot use JSX unless the '--jsx' flag is provided.
src/app/shipments/page.tsx(300,23): error TS17004: Cannot use JSX unless the '--jsx' flag is provided.
src/app/shipments/page.tsx(306,17): error TS17004: Cannot use JSX unless the '--jsx' flag is provided.
src/app/shipments/page.tsx(316,23): error TS17004: Cannot use JSX unless the '--jsx' flag is provided.
src/app/shipments/page.tsx(317,25): error TS17004: Cannot use JSX unless the '--jsx' flag is provided.
src/app/shipments/page.tsx(318,27): error TS17004: Cannot use JSX unless the '--jsx' flag is provided.
src/app/shipments/page.tsx(318,91): error TS17004: Cannot use JSX unless the '--jsx' flag is provided.
src/app/shipments/page.tsx(319,27): error TS17004: Cannot use JSX unless the '--jsx' flag is provided.
src/app/shipments/page.tsx(320,29): error TS17004: Cannot use JSX unless the '--jsx' flag is provided.
src/app/shipments/page.tsx(320,83): error TS17004: Cannot use JSX unless the '--jsx' flag is provided.
src/app/shipments/page.tsx(321,29): error TS17004: Cannot use JSX unless the '--jsx' flag is provided.
src/app/shipments/page.tsx(327,25): error TS17004: Cannot use JSX unless the '--jsx' flag is provided.
src/app/shipments/page.tsx(328,27): error TS17004: Cannot use JSX unless the '--jsx' flag is provided.
src/app/shipments/page.tsx(328,64): error TS17004: Cannot use JSX unless the '--jsx' flag is provided.
src/app/shipments/page.tsx(328,74): error TS17004: Cannot use JSX unless the '--jsx' flag is provided.
src/app/shipments/page.tsx(328,127): error TS17004: Cannot use JSX unless the '--jsx' flag is provided.
src/app/shipments/page.tsx(328,172): error TS17004: Cannot use JSX unless the '--jsx' flag is provided.
src/app/shipments/page.tsx(328,233): error TS17004: Cannot use JSX unless the '--jsx' flag is provided.
src/app/shipments/page.tsx(329,27): error TS17004: Cannot use JSX unless the '--jsx' flag is provided.
src/app/shipments/page.tsx(335,33): error TS17004: Cannot use JSX unless the '--jsx' flag is provided.
src/app/shipments/page.tsx(336,35): error TS17004: Cannot use JSX unless the '--jsx' flag is provided.
src/app/shipments/page.tsx(337,35): error TS17004: Cannot use JSX unless the '--jsx' flag is provided.
src/app/shipments/page.tsx(338,35): error TS17004: Cannot use JSX unless the '--jsx' flag is provided.
src/app/shipments/page.tsx(338,84): error TS17004: Cannot use JSX unless the '--jsx' flag is provided.
src/app/shipments/page.tsx(338,137): error TS17004: Cannot use JSX unless the '--jsx' flag is provided.
src/app/shipments/page.tsx(338,196): error TS17004: Cannot use JSX unless the '--jsx' flag is provided.
src/app/shipments/page.tsx(338,257): error TS17004: Cannot use JSX unless the '--jsx' flag is provided.
src/app/shipments/page.tsx(339,35): error TS17004: Cannot use JSX unless the '--jsx' flag is provided.
src/app/shipments/page.tsx(340,37): error TS17004: Cannot use JSX unless the '--jsx' flag is provided.
src/app/shipments/page.tsx(342,41): error TS17004: Cannot use JSX unless the '--jsx' flag is provided.
src/app/shipments/page.tsx(342,43): error TS17004: Cannot use JSX unless the '--jsx' flag is provided.
src/app/shipments/page.tsx(342,75): error TS17004: Cannot use JSX unless the '--jsx' flag is provided.
src/app/shipments/page.tsx(342,303): error TS17004: Cannot use JSX unless the '--jsx' flag is provided.
src/app/shipments/page.tsx(342,378): error TS17004: Cannot use JSX unless the '--jsx' flag is provided.
src/app/shipments/page.tsx(342,410): error TS17004: Cannot use JSX unless the '--jsx' flag is provided.
src/app/shipments/page.tsx(342,636): error TS17004: Cannot use JSX unless the '--jsx' flag is provided.
src/app/shipments/page.tsx(343,44): error TS17004: Cannot use JSX unless the '--jsx' flag is provided.
src/app/shipments/page.tsx(349,60): error TS17004: Cannot use JSX unless the '--jsx' flag is provided.
src/app/shipments/page.tsx(349,70): error TS17004: Cannot use JSX unless the '--jsx' flag is provided.
src/app/shipments/page.tsx(358,17): error TS17004: Cannot use JSX unless the '--jsx' flag is provided.
src/app/shipments/page.tsx(360,21): error TS17004: Cannot use JSX unless the '--jsx' flag is provided.
src/app/shipments/page.tsx(361,23): error TS17004: Cannot use JSX unless the '--jsx' flag is provided.
src/app/shipments/page.tsx(362,25): error TS17004: Cannot use JSX unless the '--jsx' flag is provided.
src/app/shipments/page.tsx(365,23): error TS17004: Cannot use JSX unless the '--jsx' flag is provided.
src/app/shipments/page.tsx(366,41): error TS17004: Cannot use JSX unless the '--jsx' flag is provided.
src/app/shipments/page.tsx(366,93): error TS17004: Cannot use JSX unless the '--jsx' flag is provided.
src/app/shipments/page.tsx(369,24): error TS17004: Cannot use JSX unless the '--jsx' flag is provided.
src/app/shipments/page.tsx(369,78): error TS17004: Cannot use JSX unless the '--jsx' flag is provided.
src/app/shipments/page.tsx(372,18): error TS17004: Cannot use JSX unless the '--jsx' flag is provided.
src/app/shipments/page.tsx(372,106): error TS17004: Cannot use JSX unless the '--jsx' flag is provided.
src/app/shipments/page.tsx(372,175): error TS17004: Cannot use JSX unless the '--jsx' flag is provided.
