src/app/production/page.tsx(543,7): error TS1005: ')' expected.
